C:\Users\PHANESHWWAR\Documents\MCUXpressoIDE_11.10.0_3148\workspace\lpcxpresso55s69_led_blinky_EXP\CMSIS/core_cm33.h:2587:22:__NVIC_SetPriority	16	static
C:\Users\PHANESHWWAR\Documents\MCUXpressoIDE_11.10.0_3148\workspace\lpcxpresso55s69_led_blinky_EXP\CMSIS/core_cm33.h:3140:26:SysTick_Config	16	static
C:\Users\PHANESHWWAR\Documents\MCUXpressoIDE_11.10.0_3148\workspace\lpcxpresso55s69_led_blinky_EXP\drivers/fsl_gpio.h:210:20:GPIO_PortToggle	24	static
C:\Users\PHANESHWWAR\Documents\MCUXpressoIDE_11.10.0_3148\workspace\lpcxpresso55s69_led_blinky_EXP\drivers/fsl_power.h:398:20:POWER_SetBodVbatLevel	16	static
../source/led_blinky.c:30:6:SysTick_Handler	4	static
../source/led_blinky.c:38:6:SysTick_DelayTicks	16	static
../source/led_blinky.c:49:5:main	8	static
