C:\Users\PHANESHWWAR\Documents\MCUXpressoIDE_11.10.0_3148\workspace\lpcxpresso55s69_power_manager_lpc_EXP\CMSIS/core_cm33.h:2390:22:__NVIC_EnableIRQ	16	static
C:\Users\PHANESHWWAR\Documents\MCUXpressoIDE_11.10.0_3148\workspace\lpcxpresso55s69_power_manager_lpc_EXP\drivers/fsl_clock.h:983:20:CLOCK_EnableClock	24	static
C:\Users\PHANESHWWAR\Documents\MCUXpressoIDE_11.10.0_3148\workspace\lpcxpresso55s69_power_manager_lpc_EXP\drivers/fsl_common_arm.h:570:24:EnableIRQ	24	static
C:\Users\PHANESHWWAR\Documents\MCUXpressoIDE_11.10.0_3148\workspace\lpcxpresso55s69_power_manager_lpc_EXP\drivers/fsl_power.h:373:20:POWER_EnablePD	16	static
C:\Users\PHANESHWWAR\Documents\MCUXpressoIDE_11.10.0_3148\workspace\lpcxpresso55s69_power_manager_lpc_EXP\drivers/fsl_power.h:385:20:POWER_DisablePD	16	static
C:\Users\PHANESHWWAR\Documents\MCUXpressoIDE_11.10.0_3148\workspace\lpcxpresso55s69_power_manager_lpc_EXP\drivers/fsl_power.h:398:20:POWER_SetBodVbatLevel	16	static
C:\Users\PHANESHWWAR\Documents\MCUXpressoIDE_11.10.0_3148\workspace\lpcxpresso55s69_power_manager_lpc_EXP\drivers/fsl_usart.h:493:24:USART_GetStatusFlags	16	static
C:\Users\PHANESHWWAR\Documents\MCUXpressoIDE_11.10.0_3148\workspace\lpcxpresso55s69_power_manager_lpc_EXP\drivers/fsl_usart.h:513:20:USART_ClearStatusFlags	16	static
C:\Users\PHANESHWWAR\Documents\MCUXpressoIDE_11.10.0_3148\workspace\lpcxpresso55s69_power_manager_lpc_EXP\drivers/fsl_rtc.h:383:20:RTC_EnableInterrupts	24	static
C:\Users\PHANESHWWAR\Documents\MCUXpressoIDE_11.10.0_3148\workspace\lpcxpresso55s69_power_manager_lpc_EXP\drivers/fsl_rtc.h:509:20:RTC_StartTimer	16	static
C:\Users\PHANESHWWAR\Documents\MCUXpressoIDE_11.10.0_3148\workspace\lpcxpresso55s69_power_manager_lpc_EXP\drivers/fsl_rtc.h:522:20:RTC_StopTimer	16	static
../source/power_manager_lpc.c:72:6:RTC_IRQHandler	4	static
../source/power_manager_lpc.c:75:6:DEMO_PreLowPower	4	static
../source/power_manager_lpc.c:79:6:DEMO_PowerDownWakeup	8	static
../source/power_manager_lpc.c:84:6:DEMO_PreDeepPowerDown	32	static
../source/power_manager_lpc.c:152:5:main	16	static
../source/power_manager_lpc.c:272:6:gint0_callback	8	static
../source/power_manager_lpc.c:281:13:APP_InitWakeupPin	16	static
../source/power_manager_lpc.c:326:13:pint_intr_callback	16	static
../source/power_manager_lpc.c:334:17:APP_GetUserSelection	16	static
