../usb/device/source/lpcip3511/usb_device_lpcip3511.c:237:23:USB_DeviceLpcIp3511MaxPacketNeedCopy	16	static
../usb/device/source/lpcip3511/usb_device_lpcip3511.c:259:17:USB_DeviceLpcIp3511MallocMaxPacketBuffer	32	static
../usb/device/source/lpcip3511/usb_device_lpcip3511.c:306:13:USB_DeviceLpcIp3511ReleaseMaxPacketBuffer	32	static
../usb/device/source/lpcip3511/usb_device_lpcip3511.c:332:54:USB_DeviceLpc3511IpGetEndpointStateStruct	16	static
../usb/device/source/lpcip3511/usb_device_lpcip3511.c:357:21:USB_DeviceLpc3511IpEndpointPrime	32	static
../usb/device/source/lpcip3511/usb_device_lpcip3511.c:440:13:USB_DeviceLpc3511IpSetDefaultState	24	static
../usb/device/source/lpcip3511/usb_device_lpcip3511.c:504:21:USB_DeviceLpc3511IpEndpointInit	40	static
../usb/device/source/lpcip3511/usb_device_lpcip3511.c:632:21:USB_DeviceLpc3511IpEndpointDeinit	24	static
../usb/device/source/lpcip3511/usb_device_lpcip3511.c:708:21:USB_DeviceLpc3511IpEndpointStall	32	static
../usb/device/source/lpcip3511/usb_device_lpcip3511.c:808:21:USB_DeviceLpc3511IpEndpointUnstall	24	static
../usb/device/source/lpcip3511/usb_device_lpcip3511.c:981:13:USB_DeviceLpc3511IpDoPreviousTransactionMemcpy	32	static
../usb/device/source/lpcip3511/usb_device_lpcip3511.c:1040:17:USB_DeviceLpc3511IpTokenUpdate	32	static
../usb/device/source/lpcip3511/usb_device_lpcip3511.c:1104:13:USB_DeviceLpc3511IpInterruptToken	72	static
../usb/device/source/lpcip3511/usb_device_lpcip3511.c:1423:13:USB_DeviceLpc3511IpInterruptReset	32	static
../usb/device/source/lpcip3511/usb_device_lpcip3511.c:1574:14:USB_DeviceLpc3511IpInit	40	static
../usb/device/source/lpcip3511/usb_device_lpcip3511.c:1716:14:USB_DeviceLpc3511IpDeinit	32	static
../usb/device/source/lpcip3511/usb_device_lpcip3511.c:1765:21:USB_DeviceLpc3511IpGetActualBufferAndPrime	48	static
../usb/device/source/lpcip3511/usb_device_lpcip3511.c:1951:21:USB_DeviceLpc3511IpTransaction	32	static
../usb/device/source/lpcip3511/usb_device_lpcip3511.c:2065:14:USB_DeviceLpc3511IpSend	40	static
../usb/device/source/lpcip3511/usb_device_lpcip3511.c:2099:14:USB_DeviceLpc3511IpRecv	24	static
../usb/device/source/lpcip3511/usb_device_lpcip3511.c:2107:14:USB_DeviceLpc3511IpCancel	56	static
../usb/device/source/lpcip3511/usb_device_lpcip3511.c:2267:21:USB_DeviceLpc3511IpControlPreSetDeviceAddress	32	static
../usb/device/source/lpcip3511/usb_device_lpcip3511.c:2286:14:USB_DeviceLpc3511IpControl	48	static
../usb/device/source/lpcip3511/usb_device_lpcip3511.c:2613:6:USB_DeviceLpcIp3511IsrFunction	40	static
