C:\Users\PHANESHWWAR\Documents\MCUXpressoIDE_11.10.0_3148\workspace\LPC55S69_Project_test4\device/LPC55S69_cm33_core0.h:31241:24:Chip_GetVersion	16	static
C:\Users\PHANESHWWAR\Documents\MCUXpressoIDE_11.10.0_3148\workspace\LPC55S69_Project_test4\drivers/fsl_clock.h:983:20:CLOCK_EnableClock	24	static
C:\Users\PHANESHWWAR\Documents\MCUXpressoIDE_11.10.0_3148\workspace\LPC55S69_Project_test4\drivers/fsl_iocon.h:182:22:IOCON_PinMuxSet	24	static
../board/pin_mux.c:32:6:BOARD_InitBootPins	8	static
../board/pin_mux.c:59:6:BOARD_InitDEBUG_UARTPins	16	static
../board/pin_mux.c:118:6:BOARD_InitSWD_DEBUGPins	32	static
../board/pin_mux.c:251:6:BOARD_InitUSBPins	32	static
../board/pin_mux.c:355:6:BOARD_InitLEDsPins	32	static
../board/pin_mux.c:454:6:BOARD_InitBUTTONsPins	40	static
../board/pin_mux.c:591:6:BOARD_InitI2SPins	48	static
../board/pin_mux.c:757:6:BOARD_InitACCELPins	24	static
../board/pin_mux.c:838:6:BOARD_IntPins	8	static
