19:49:09 **** Build of configuration Debug for project LPC55S69_Project_LAB1 ****
make -r -j8 all 
Building file: ../utilities/fsl_debug_console.c
Building file: ../utilities/fsl_assert.c
Building file: ../utilities/fsl_str.c
Invoking: MCU C Compiler
Invoking: MCU C Compiler
Invoking: MCU C Compiler
Building file: ../startup/boot_multicore_slave.c
arm-none-eabi-gcc -D__REDLIB__ -DCPU_LPC55S69JBD100 -DCPU_LPC55S69JBD100_cm33 -DCPU_LPC55S69JBD100_cm33_core0 -DSDK_OS_BAREMETAL -DSERIAL_PORT_TYPE_UART=1 -DSDK_DEBUGCONSOLE=0 -DCR_INTEGER_PRINTF -DPRINTF_FLOAT_ENABLE=0 -D__MCUXPRESSO -D__USE_CMSIS -DDEBUG -I"C:\Users\PHANESHWWAR\Documents\MCUXpressoIDE_11.10.0_3148\workspace\LPC55S69_Project_LAB1\board" -I"C:\Users\PHANESHWWAR\Documents\MCUXpressoIDE_11.10.0_3148\workspace\LPC55S69_Project_LAB1\source" -I"C:\Users\PHANESHWWAR\Documents\MCUXpressoIDE_11.10.0_3148\workspace\LPC55S69_Project_LAB1\utilities" -I"C:\Users\PHANESHWWAR\Documents\MCUXpressoIDE_11.10.0_3148\workspace\LPC55S69_Project_LAB1\drivers" -I"C:\Users\PHANESHWWAR\Documents\MCUXpressoIDE_11.10.0_3148\workspace\LPC55S69_Project_LAB1\component\uart" -I"C:\Users\PHANESHWWAR\Documents\MCUXpressoIDE_11.10.0_3148\workspace\LPC55S69_Project_LAB1\component\serial_manager" -I"C:\Users\PHANESHWWAR\Documents\MCUXpressoIDE_11.10.0_3148\workspace\LPC55S69_Project_LAB1\device" -I"C:\Users\PHANESHWWAR\Documents\MCUXpressoIDE_11.10.0_3148\workspace\LPC55S69_Project_LAB1\CMSIS" -I"C:\Users\PHANESHWWAR\Documents\MCUXpressoIDE_11.10.0_3148\workspace\LPC55S69_Project_LAB1\component\lists" -I"C:\Users\PHANESHWWAR\Documents\MCUXpressoIDE_11.10.0_3148\workspace\LPC55S69_Project_LAB1\startup" -O0 -fno-common -g3 -gdwarf-4 -Wall -c -ffunction-sections -fdata-sections -fno-builtin -fmerge-constants -fmacro-prefix-map="../utilities/"= -mcpu=cortex-m33 -mfpu=fpv5-sp-d16 -mfloat-abi=hard -mthumb -D__REDLIB__ -fstack-usage -specs=redlib.specs -MMD -MP -MF"utilities/fsl_debug_console.d" -MT"utilities/fsl_debug_console.o" -MT"utilities/fsl_debug_console.d" -o "utilities/fsl_debug_console.o" "../utilities/fsl_debug_console.c"
Building file: ../startup/startup_lpc55s69_cm33_core0.c
arm-none-eabi-gcc -D__REDLIB__ -DCPU_LPC55S69JBD100 -DCPU_LPC55S69JBD100_cm33 -DCPU_LPC55S69JBD100_cm33_core0 -DSDK_OS_BAREMETAL -DSERIAL_PORT_TYPE_UART=1 -DSDK_DEBUGCONSOLE=0 -DCR_INTEGER_PRINTF -DPRINTF_FLOAT_ENABLE=0 -D__MCUXPRESSO -D__USE_CMSIS -DDEBUG -I"C:\Users\PHANESHWWAR\Documents\MCUXpressoIDE_11.10.0_3148\workspace\LPC55S69_Project_LAB1\board" -I"C:\Users\PHANESHWWAR\Documents\MCUXpressoIDE_11.10.0_3148\workspace\LPC55S69_Project_LAB1\source" -I"C:\Users\PHANESHWWAR\Documents\MCUXpressoIDE_11.10.0_3148\workspace\LPC55S69_Project_LAB1\utilities" -I"C:\Users\PHANESHWWAR\Documents\MCUXpressoIDE_11.10.0_3148\workspace\LPC55S69_Project_LAB1\drivers" -I"C:\Users\PHANESHWWAR\Documents\MCUXpressoIDE_11.10.0_3148\workspace\LPC55S69_Project_LAB1\component\uart" -I"C:\Users\PHANESHWWAR\Documents\MCUXpressoIDE_11.10.0_3148\workspace\LPC55S69_Project_LAB1\component\serial_manager" -I"C:\Users\PHANESHWWAR\Documents\MCUXpressoIDE_11.10.0_3148\workspace\LPC55S69_Project_LAB1\device" -I"C:\Users\PHANESHWWAR\Documents\MCUXpressoIDE_11.10.0_3148\workspace\LPC55S69_Project_LAB1\CMSIS" -I"C:\Users\PHANESHWWAR\Documents\MCUXpressoIDE_11.10.0_3148\workspace\LPC55S69_Project_LAB1\component\lists" -I"C:\Users\PHANESHWWAR\Documents\MCUXpressoIDE_11.10.0_3148\workspace\LPC55S69_Project_LAB1\startup" -O0 -fno-common -g3 -gdwarf-4 -Wall -c -ffunction-sections -fdata-sections -fno-builtin -fmerge-constants -fmacro-prefix-map="../utilities/"= -mcpu=cortex-m33 -mfpu=fpv5-sp-d16 -mfloat-abi=hard -mthumb -D__REDLIB__ -fstack-usage -specs=redlib.specs -MMD -MP -MF"utilities/fsl_assert.d" -MT"utilities/fsl_assert.o" -MT"utilities/fsl_assert.d" -o "utilities/fsl_assert.o" "../utilities/fsl_assert.c"
Building file: ../source/LPC55S69_Project_LAB1.c
arm-none-eabi-gcc -D__REDLIB__ -DCPU_LPC55S69JBD100 -DCPU_LPC55S69JBD100_cm33 -DCPU_LPC55S69JBD100_cm33_core0 -DSDK_OS_BAREMETAL -DSERIAL_PORT_TYPE_UART=1 -DSDK_DEBUGCONSOLE=0 -DCR_INTEGER_PRINTF -DPRINTF_FLOAT_ENABLE=0 -D__MCUXPRESSO -D__USE_CMSIS -DDEBUG -I"C:\Users\PHANESHWWAR\Documents\MCUXpressoIDE_11.10.0_3148\workspace\LPC55S69_Project_LAB1\board" -I"C:\Users\PHANESHWWAR\Documents\MCUXpressoIDE_11.10.0_3148\workspace\LPC55S69_Project_LAB1\source" -I"C:\Users\PHANESHWWAR\Documents\MCUXpressoIDE_11.10.0_3148\workspace\LPC55S69_Project_LAB1\utilities" -I"C:\Users\PHANESHWWAR\Documents\MCUXpressoIDE_11.10.0_3148\workspace\LPC55S69_Project_LAB1\drivers" -I"C:\Users\PHANESHWWAR\Documents\MCUXpressoIDE_11.10.0_3148\workspace\LPC55S69_Project_LAB1\component\uart" -I"C:\Users\PHANESHWWAR\Documents\MCUXpressoIDE_11.10.0_3148\workspace\LPC55S69_Project_LAB1\component\serial_manager" -I"C:\Users\PHANESHWWAR\Documents\MCUXpressoIDE_11.10.0_3148\workspace\LPC55S69_Project_LAB1\device" -I"C:\Users\PHANESHWWAR\Documents\MCUXpressoIDE_11.10.0_3148\workspace\LPC55S69_Project_LAB1\CMSIS" -I"C:\Users\PHANESHWWAR\Documents\MCUXpressoIDE_11.10.0_3148\workspace\LPC55S69_Project_LAB1\component\lists" -I"C:\Users\PHANESHWWAR\Documents\MCUXpressoIDE_11.10.0_3148\workspace\LPC55S69_Project_LAB1\startup" -O0 -fno-common -g3 -gdwarf-4 -Wall -c -ffunction-sections -fdata-sections -fno-builtin -fmerge-constants -fmacro-prefix-map="../utilities/"= -mcpu=cortex-m33 -mfpu=fpv5-sp-d16 -mfloat-abi=hard -mthumb -D__REDLIB__ -fstack-usage -specs=redlib.specs -MMD -MP -MF"utilities/fsl_str.d" -MT"utilities/fsl_str.o" -MT"utilities/fsl_str.d" -o "utilities/fsl_str.o" "../utilities/fsl_str.c"
Invoking: MCU C Compiler
Invoking: MCU C Compiler
Building file: ../source/semihost_hardfault.c
Invoking: MCU C Compiler
arm-none-eabi-gcc -D__REDLIB__ -DCPU_LPC55S69JBD100 -DCPU_LPC55S69JBD100_cm33 -DCPU_LPC55S69JBD100_cm33_core0 -DSDK_OS_BAREMETAL -DSERIAL_PORT_TYPE_UART=1 -DSDK_DEBUGCONSOLE=0 -DCR_INTEGER_PRINTF -DPRINTF_FLOAT_ENABLE=0 -D__MCUXPRESSO -D__USE_CMSIS -DDEBUG -I"C:\Users\PHANESHWWAR\Documents\MCUXpressoIDE_11.10.0_3148\workspace\LPC55S69_Project_LAB1\board" -I"C:\Users\PHANESHWWAR\Documents\MCUXpressoIDE_11.10.0_3148\workspace\LPC55S69_Project_LAB1\source" -I"C:\Users\PHANESHWWAR\Documents\MCUXpressoIDE_11.10.0_3148\workspace\LPC55S69_Project_LAB1\utilities" -I"C:\Users\PHANESHWWAR\Documents\MCUXpressoIDE_11.10.0_3148\workspace\LPC55S69_Project_LAB1\drivers" -I"C:\Users\PHANESHWWAR\Documents\MCUXpressoIDE_11.10.0_3148\workspace\LPC55S69_Project_LAB1\component\uart" -I"C:\Users\PHANESHWWAR\Documents\MCUXpressoIDE_11.10.0_3148\workspace\LPC55S69_Project_LAB1\component\serial_manager" -I"C:\Users\PHANESHWWAR\Documents\MCUXpressoIDE_11.10.0_3148\workspace\LPC55S69_Project_LAB1\device" -I"C:\Users\PHANESHWWAR\Documents\MCUXpressoIDE_11.10.0_3148\workspace\LPC55S69_Project_LAB1\CMSIS" -I"C:\Users\PHANESHWWAR\Documents\MCUXpressoIDE_11.10.0_3148\workspace\LPC55S69_Project_LAB1\component\lists" -I"C:\Users\PHANESHWWAR\Documents\MCUXpressoIDE_11.10.0_3148\workspace\LPC55S69_Project_LAB1\startup" -O0 -fno-common -g3 -gdwarf-4 -Wall -c -ffunction-sections -fdata-sections -fno-builtin -fmerge-constants -fmacro-prefix-map="../startup/"= -mcpu=cortex-m33 -mfpu=fpv5-sp-d16 -mfloat-abi=hard -mthumb -D__REDLIB__ -fstack-usage -specs=redlib.specs -MMD -MP -MF"startup/boot_multicore_slave.d" -MT"startup/boot_multicore_slave.o" -MT"startup/boot_multicore_slave.d" -o "startup/boot_multicore_slave.o" "../startup/boot_multicore_slave.c"
arm-none-eabi-gcc -D__REDLIB__ -DCPU_LPC55S69JBD100 -DCPU_LPC55S69JBD100_cm33 -DCPU_LPC55S69JBD100_cm33_core0 -DSDK_OS_BAREMETAL -DSERIAL_PORT_TYPE_UART=1 -DSDK_DEBUGCONSOLE=0 -DCR_INTEGER_PRINTF -DPRINTF_FLOAT_ENABLE=0 -D__MCUXPRESSO -D__USE_CMSIS -DDEBUG -I"C:\Users\PHANESHWWAR\Documents\MCUXpressoIDE_11.10.0_3148\workspace\LPC55S69_Project_LAB1\board" -I"C:\Users\PHANESHWWAR\Documents\MCUXpressoIDE_11.10.0_3148\workspace\LPC55S69_Project_LAB1\source" -I"C:\Users\PHANESHWWAR\Documents\MCUXpressoIDE_11.10.0_3148\workspace\LPC55S69_Project_LAB1\utilities" -I"C:\Users\PHANESHWWAR\Documents\MCUXpressoIDE_11.10.0_3148\workspace\LPC55S69_Project_LAB1\drivers" -I"C:\Users\PHANESHWWAR\Documents\MCUXpressoIDE_11.10.0_3148\workspace\LPC55S69_Project_LAB1\component\uart" -I"C:\Users\PHANESHWWAR\Documents\MCUXpressoIDE_11.10.0_3148\workspace\LPC55S69_Project_LAB1\component\serial_manager" -I"C:\Users\PHANESHWWAR\Documents\MCUXpressoIDE_11.10.0_3148\workspace\LPC55S69_Project_LAB1\device" -I"C:\Users\PHANESHWWAR\Documents\MCUXpressoIDE_11.10.0_3148\workspace\LPC55S69_Project_LAB1\CMSIS" -I"C:\Users\PHANESHWWAR\Documents\MCUXpressoIDE_11.10.0_3148\workspace\LPC55S69_Project_LAB1\component\lists" -I"C:\Users\PHANESHWWAR\Documents\MCUXpressoIDE_11.10.0_3148\workspace\LPC55S69_Project_LAB1\startup" -O0 -fno-common -g3 -gdwarf-4 -Wall -c -ffunction-sections -fdata-sections -fno-builtin -fmerge-constants -fmacro-prefix-map="../startup/"= -mcpu=cortex-m33 -mfpu=fpv5-sp-d16 -mfloat-abi=hard -mthumb -D__REDLIB__ -fstack-usage -speInvoking: MCU C Compiler
Building file: ../drivers/fsl_clock.c
cs=redlib.specs -MMD -MP -MF"startup/startup_lpc55s69_cm33_core0.d" -MT"startup/startup_lpc55s69_cm33_core0.o" -MT"startup/startup_lpc55s69_cm33_core0.d" -o "startup/startup_lpc55s69_cm33_core0.o" "../startup/startup_lpc55s69_cm33_core0.c"
arm-none-eabi-gcc -D__REDLIB__ -DCPU_LPC55S69JBD100 -DCPU_LPC55S69JBD100_cm33 -DCPU_LPC55S69JBD100_cm33_core0 -DSDK_OS_BAREMETAL -DSERIAL_PORT_TYPE_UART=1 -DSDK_DEBUGCONSOLE=0 -DCR_INTEGER_PRINTF -DPRINTF_FLOAT_ENABLE=0 -D__MCUXPRESSO -D__USE_CMSIS -DDEBUG -I"C:\Users\PHANESHWWAR\Documents\MCUXpressoIDE_11.10.0_3148\workspace\LPC55S69_Project_LAB1\board" -I"C:\Users\PHANESHWWAR\Documents\MCUXpressoIDE_11.10.0_3148\workspace\LPC55S69_Project_LAB1\source" -I"C:\Users\PHANESHWWAR\Documents\MCUXpressoIDE_11.10.0_3148\workspace\LPC55S69_Project_LAB1\utilities" -I"C:\Users\PHANESHWWAR\Documents\MCUXpressoIDE_11.10.0_3148\workspace\LPC55S69_Project_LAB1\drivers" -I"C:\Users\PHANESHWWAR\Documents\MCUXpressoIDE_11.10.0_3148\workspace\LPC55S69_Project_LAB1\component\uart" -I"C:\Users\PHANESHWWAR\Documents\MCUXpressoIDE_11.10.0_3148\workspace\LPC55S69_Project_LAB1\component\serial_manager" -I"C:\Users\PHANESHWWAR\Documents\MCUXpressoIDE_11.10.0_3148\workspace\LPC55S69_Project_LAB1\device" -I"C:\Users\PHANESHWWAR\Documents\MCUXpressoIDE_11.10.0_3148\workspace\LPC55S69_Project_LAB1\CMSIS" -I"C:\Users\PHANESHWWAR\Documents\MCUXpressoIDE_11.10.0_3148\workspace\LPC55S69_Project_LAB1\component\lists" -I"C:\Users\PHANESHWWAR\Documents\MCUXpressoIDE_11.10.0_3148\workspace\LPC55S69_Project_LAB1\startup" -O0 -fno-common -g3 -gdwarf-4 -Wall -c -ffunction-sections -fdata-sections -fno-builtin -fmerge-constants -fmacro-prefix-map="../source/"= -mcpu=cortex-m33 -mfpu=fpv5-sp-d16 -mfloat-abi=hard -mthumb -D__REDLIB__ -fstack-usage -specs=redlib.specs -MMD -MP -MF"source/LPC55S69_Project_LAB1.d" -MT"source/LPC55S69_Project_LAB1.o" -MT"source/LPC55S69_Project_LAB1.d" -o "source/LPC55S69_Project_LAB1.o" "../source/LPC55S69_Project_LAB1.c"
arm-none-eabi-gcc -D__REDLIB__ -DCPU_LPC55S69JBD100 -DCPU_LPC55S69JBD100_cm33 -DCPU_LPC55S69JBD100_cm33_core0 -DSDK_OS_BAREMETAL -DSERIAL_PORT_TYPE_UART=1 -DSDK_DEBUGCONSOLE=0 -DCR_INTEGER_PRINTF -DPRINTF_FLOAT_ENABLE=0 -D__MCUXPRESSO -D__USE_CMSIS -DDEBUG -I"C:\Users\PHANESHWWAR\Documents\MCUXpressoIDE_11.10.0_3148\workspace\LPC55S69_Project_LAB1\board" -I"C:\Users\PHANESHWWAR\Documents\MCUXpressoIDE_11.10.0_3148\workspace\LPC55S69_Project_LAB1\source" -I"C:\Users\PHANESHWWAR\Documents\MCUXpressoIDE_11.10.0_3148\workspace\LPC55S69_Project_LAB1\utilities" -I"C:\Users\PHANESHWWAR\Documents\MCUXpressoIDE_11.10.0_3148\workspace\LPC55S69_Project_LAB1\drivers" -I"C:\Users\PHANESHWWAR\Documents\MCUXpressoIDE_11.10.0_3148\workspace\LPC55S69_Project_LAB1\component\uart" -I"C:\Users\PHANESHWWAR\Documents\MCUXpressoIDE_11.10.0_3148\workspace\LPC55S69_Project_LAB1\component\serial_manager" -I"C:\Users\PHANESHWWAR\Documents\MCUXpressoIDE_11.10.0_3148\workspace\LPC55S69_Project_LAB1\device" -I"C:\Users\PHANESHWWAR\Documents\MCUXpressoIDE_11.10.0_3148\workspace\LPC55S69_Project_LAB1\CMSIS" -I"C:\Users\PHANESHWWAR\Documents\MCUXpressoIDE_11.10.0_3148\workspace\LPC55S69_Project_LAB1\component\lists" -I"C:\Users\PHANESHWWAR\Documents\MCUXpressoIDE_11.10.0_3148\workspace\LPC55S69_Project_LAB1\startup" -O0 -fno-common -g3 -gdwarf-4 -Wall -c -ffunction-sections -fdata-sections -fno-builtin -fmerge-constants -fmacro-prefix-map="../source/"= -mcpu=cortex-m33 -mfpu=fpv5-sp-d16 -mfloat-abi=hard -mthumb -D__REDLIB__ -fstack-usage -specs=redlib.specs -MMD -MP -MF"source/semihost_hardfault.d" -MT"source/semihost_hardfault.o" -MT"source/semihost_hardfault.d" -o "source/semihost_hardfault.o" "../source/semihost_hardfault.c"
Invoking: MCU C Compiler
arm-none-eabi-gcc -D__REDLIB__ -DCPU_LPC55S69JBD100 -DCPU_LPC55S69JBD100_cm33 -DCPU_LPC55S69JBD100_cm33_core0 -DSDK_OS_BAREMETAL -DSERIAL_PORT_TYPE_UART=1 -DSDK_DEBUGCONSOLE=0 -DCR_INTEGER_PRINTF -DPRINTF_FLOAT_ENABLE=0 -D__MCUXPRESSO -D__USE_CMSIS -DDEBUG -I"C:\Users\PHANESHWWAR\Documents\MCUXpressoIDE_11.10.0_3148\workspace\LPC55S69_Project_LAB1\board" -I"C:\Users\PHANESHWWAR\Documents\MCUXpressoIDE_11.10.0_3148\workspace\LPC55S69_Project_LAB1\source" -I"C:\Users\PHANESHWWAR\Documents\MCUXpressoIDE_11.10.0_3148\workspace\LPC55S69_Project_LAB1\utilities" -I"C:\Users\PHANESHWWAR\Documents\MCUXpressoIDE_11.10.0_3148\workspace\LPC55S69_Project_LAB1\drivers" -I"C:\Users\PHANESHWWAR\Documents\MCUXpressoIDE_11.10.0_3148\workspace\LPC55S69_Project_LAB1\component\uart" -I"C:\Users\PHANESHWWAR\Documents\MCUXpressoIDE_11.10.0_3148\workspace\LPC55S69_Project_LAB1\component\serial_manager" -I"C:\Users\PHANESHWWAR\Documents\MCUXpressoIDE_11.10.0_3148\workspace\LPC55S69_Project_LAB1\device" -I"C:\Users\PHANESHWWAR\Documents\MCUXpressoIDE_11.10.0_3148\workspace\LPC55S69_Project_LAB1\CMSIS" -I"C:\Users\PHANESHWWAR\Documents\MCUXpressoIDE_11.10.0_3148\workspace\LPC55S69_Project_LAB1\component\lists" -I"C:\Users\PHANESHWWAR\Documents\MCUXpressoIDE_11.10.0_3148\workspace\LPC55S69_Project_LAB1\startup" -O0 -fno-common -g3 -gdwarf-4 -Wall -c -ffunction-sections -fdata-sections -fno-builtin -fmerge-constants -fmacro-prefix-map="../drivers/"= -mcpu=cortex-m33 -mfpu=fpv5-sp-d16 -mfloat-abi=hard -mthumb -D__REDLIB__ -fstack-usage -specs=redlib.specs -MMD -MP -MF"drivers/fsl_clock.d" -MT"drivers/fsl_clock.o" -MT"drivers/fsl_clock.d" -o "drivers/fsl_clock.o" "../drivers/fsl_clock.c"
Finished building: ../startup/startup_lpc55s69_cm33_core0.c
Finished building: ../startup/boot_multicore_slave.c
Finished building: ../source/semihost_hardfault.c
 
 
 
Building file: ../drivers/fsl_common.c
Building file: ../drivers/fsl_common_arm.c
Building file: ../drivers/fsl_flexcomm.c
Invoking: MCU C Compiler
arm-none-eabi-gcc -D__REDLIB__ -DCPU_LPC55S69JBD100 -DCPU_LPC55S69JBD100_cm33 -DCPU_LPC55S69JBD100_cm33_core0 -DSDK_OS_BAREMETAL -DSERIAL_PORT_TYPE_UART=1 -DSDK_DEBUGCONSOLE=0 -DCR_INTEGER_PRINTF -DPRINTF_FLOAT_ENABLE=0 -D__MCUXPRESSO -D__USE_CMSIS -DDEBUG -I"C:\Users\PHANESHWWAR\Documents\MCUXpressoIDE_11.10.0_3148\workspace\LPC55S69_Project_LAB1\board" -I"C:\Users\PHANESHWWAR\Documents\MCUXpressoIDE_11.10.0_3148\workspace\LPC55S69_Project_LAB1\source" -I"C:\Users\PHANESHWWAR\Documents\MCUXpressoIDE_11.10.0_3148\workspace\LPC55S69_Project_LAB1\utilities" -I"C:\Users\PHANESHWWAR\Documents\MCUXpressoIDE_11.10.0_3148\workspace\LPC55S69_Project_LAB1\drivers" -I"C:\Users\PHANESHWWAR\Documents\MCUXpressoIDE_11.10.0_3148\workspace\LPC55S69_Project_LAB1\component\uart" -I"C:\Users\PHANESHWWAR\Documents\MCUXpressoIDE_11.10.0_3148\workspace\LPC55S69_Project_LAB1\component\serial_manager" -I"C:\Users\PHANESHWWAR\Documents\MCUXpressoIDE_11.10.0_3148\workspace\LPC55S69_Project_LAB1\device" -I"C:\Users\PHANESHWWAR\Documents\MCUXpressoIDE_11.10.0_3148\workspace\LPC55S69_Project_LAB1\CMSIS" -I"C:\Users\PHANESHWWAR\Documents\MCUXpressoIDE_11.10.0_3148\workspace\LPC55S69_Project_LAB1\component\lists" -I"C:\Users\PHANESHWWAR\Documents\MCUXpressoIDE_11.10.0_3148\workspace\LPC55S69_Project_LAB1\startup" -O0 -fno-common -g3 -gdwarf-4 -Wall -c -ffunction-sections -fdata-sections -fno-builtin -fmerge-constants -fmacro-prefix-map="../drivers/"= -mcpu=cortex-m33 -mfpu=fpv5-sp-d16 -mfloat-abi=hard -mthumb -D__REDLIB__ -fstack-usage -specs=redlib.specs -MMD -MP -MF"drivers/fsl_common.d" -MT"drivers/fsl_common.o" -MT"drivers/fsl_common.d" -o "drivers/fsl_common.o" "../drivers/fsl_common.c"
Invoking: MCU C Compiler
Invoking: MCU C Compiler
arm-none-eabi-gcc -D__REDLIB__ -DCPU_LPC55S69JBD100 -DCPU_LPC55S69JBD100_cm33 -DCPU_LPC55S69JBD100_cm33_core0 -DSDK_OS_BAREMETAL -DSERIAL_PORT_TYPE_UART=1 -DSDK_DEBUGCONSOLE=0 -DCR_INTEGER_PRINTF -DPRINTF_FLOAT_ENABLE=0 -D__MCUXPRESSO -D__USE_CMSIS -DDEBUG -I"C:\Users\PHANESHWWAR\Documents\MCUXpressoIDE_11.10.0_3148\workspace\LPC55S69_Project_LAB1\board" -I"C:\Users\PHANESHWWAR\Documents\MCUXpressoIDE_11.10.0_3148\workspace\LPC55S69_Project_LAB1\source" -I"C:\Users\PHANESHWWAR\Documents\MCUXpressoIDE_11.10.0_3148\workspace\LPC55S69_Project_LAB1\utilities" -I"C:\Users\PHANESHWWAR\Documents\MCUXpressoIDE_11.10.0_3148\workspace\LPC55S69_Project_LAB1\drivers" -I"C:\Users\PHANESHWWAR\Documents\MCUXpressoIDE_11.10.0_3148\workspace\LPC55S69_Project_LAB1\component\uart" -I"C:\Users\PHANESHWWAR\Documents\MCUXpressoIDE_11.10.0_3148\workspace\LPC55S69_Project_LAB1\component\serial_manager" -I"C:\Users\PHANESHWWAR\Documents\MCUXpressoIDE_11.10.0_3148\workspace\LPC55S69_Project_LAB1\device" -I"C:\Users\PHANESHWWAR\Documents\MCUXpressoIDE_11.10.0_3148\workspace\LPC55S69_Project_LAB1\CMSIS" -I"C:\Users\PHANESHWWAR\Documents\MCUXpressoIDE_11.10.0_3148\workspace\LPC55S69_Project_LAB1\component\lists" -I"C:\Users\PHANESHWWAR\Documents\MCUXpressoIDE_11.10.0_3148\workspace\LPC55S69_Project_LAB1\startup" -O0 -fno-common -g3 -gdwarf-4 -Wall -c -ffunction-sections -fdata-sections -fno-builtin -fmerge-constants -fmacro-prefix-map="../drivers/"= -mcpu=cortex-m33 -mfpu=fpv5-sp-d16 -mfloat-abi=hard -mthumb -D__REDLIB__ -fstack-usage -specs=redlib.specs -MMD -MP -MF"drivers/fsl_flexcomm.d" -MT"drivers/fsl_flexcomm.o" -MT"drivers/fsl_flexcomm.d" -o "drivers/fsl_flexcomm.o" "../drivers/fsl_flexcomm.c"
Finished building: ../source/LPC55S69_Project_LAB1.c
Finished building: ../utilities/fsl_str.c
arm-none-eabi-gcc -D__REDLIB__ -DCPU_LPC55S69JBD100 -DCPU_LPC55S69JBD100_cm33 -DCPU_LPC55S69JBD100_cm33_core0 -DSDK_OS_BAREMETAL -DSERIAL_PORT_TYPE_UART=1 -DSDK_DEBUGCONSOLE=0 -DCR_INTEGER_PRINTF -DPRINTF_FLOAT_ENABLE=0 -D__MCUXPRESSO -D__USE_CMSIS -DDEBUG -I"C:\Users\PHANESHWWAR\Documents\MCUXpressoIDE_11.10.0_3148\workspace\LPC55S69_Project_LAB1\board" -I"C:\Users\PHANESHWWAR\Documents\MCUXpressoIDE_11.10.0_3148\workspace\LPC55S69_Project_LAB1\source" -I"C:\Users\PHANESHWWAR\Documents\MCUXpressoIDE_11.10.0_3148\workspace\LPC55S69_Project_LAB1\utilities" -I"C:\Users\PHANESHWWAR\Documents\MCUXpressoIDE_11.10.0_3148\workspace\LPC55S69_Project_LAB1\drivers" -I"C:\Users\PHANESHWWAR\Documents\MCUXpressoIDE_11.10.0_3148\workspace\LPC55S69_Project_LAB1\component\uart" -I"C:\Users\PHANESHWWAR\Documents\MCUXpressoIDE_11.10.0_3148\workspace\LPC55S69_Project_LAB1\component\serial_manager" -I"C:\Users\PHANESHWWAR\Documents\MCUXpressoIDE_11.10.0_3148\workspace\LPC55S69_Project_LAB1\device" -I"C:\Users\PHANESHWWAR\Documents\MCUXpressoIDE_11.10.0_3148\workspace\LPC55S69_Project_LAB1\CMSIS" -I"C:\Users\PHANESHWWAR\Documents\MCUXpressoIDE_11.10.0_3148\workspace\LPC55S69_Project_LAB1\component\lists" -I"C:\Users\PHANESHWWAR\Documents\MCUXpressoIDE_11.10.0_3148\workspace\LPC55S69_Project_LAB1\startup" -O0 -fno-common -g3 -gdwarf-4 -Wall -c -ffunction-sections -fdata-sections -fno-builtin -fmerge-constants -fmacro-prefix-map="../drivers/"= -mcpu=cortex-m33 -mfpu=fpv5-sp-d16 -mfloat-abi=hard -mthumb -D__REDLIB__ -fstack-usage -specs=redlib.specs -MMD -MP -MF"drivers/fsl_common_arm.d" -MT"drivers/fsl_common_arm.o" -MT"drivers/fsl_common_arm.d" -o "drivers/fsl_common_arm.o" "../drivers/fsl_common_arm.c"
 
 
Building file: ../drivers/fsl_gpio.c
Building file: ../drivers/fsl_i2c.c
Invoking: MCU C Compiler
Invoking: MCU C Compiler
arm-none-eabi-gcc -D__REDLIB__ -DCPU_LPC55S69JBD100 -DCPU_LPC55S69JBD100_cm33 -DCPU_LPC55S69JBD100_cm33_core0 -DSDK_OS_BAREMETAL -DSERIAL_PORT_TYPE_UART=1 -DSDK_DEBUGCONSOLE=0 -DCR_INTEGER_PRINTF -DPRINTF_FLOAT_ENABLE=0 -D__MCUXPRESSO -D__USE_CMSIS -DDEBUG -I"C:\Users\PHANESHWWAR\Documents\MCUXpressoIDE_11.10.0_3148\workspace\LPC55S69_Project_LAB1\board" -I"C:\Users\PHANESHWWAR\Documents\MCUXpressoIDE_11.10.0_3148\workspace\LPC55S69_Project_LAB1\source" -I"C:\Users\PHANESHWWAR\Documents\MCUXpressoIDE_11.10.0_3148\workspace\LPC55S69_Project_LAB1\utilities" -I"C:\Users\PHANESHWWAR\Documents\MCUXpressoIDE_11.10.0_3148\workspace\LPC55S69_Project_LAB1\drivers" -I"C:\Users\PHANESHWWAR\Documents\MCUXpressoIDE_11.10.0_3148\workspace\LPC55S69_Project_LAB1\component\uart" -I"C:\Users\PHANESHWWAR\Documents\MCUXpressoIDE_11.10.0_3148\workspace\LPC55S69_Project_LAB1\component\serial_manager" -I"C:\Users\PHANESHWWAR\Documents\MCUXpressoIDE_11.10.0_3148\workspace\LPC55S69_Project_LAB1\device" -I"C:\Users\PHANESHWWAR\Documents\MCUXpressoIDE_11.10.0_3148\workspace\LPC55S69_Project_LAB1\CMSIS" -I"C:\Users\PHANESHWWAR\Documents\MCUXpressoIDE_11.10.0_3148\workspace\LPC55S69_Project_LAB1\component\lists" -I"C:\Users\PHANESHWWAR\Documents\MCUXpressoIDE_11.10.0_3148\workspace\LPC55S69_Project_LAB1\startup" -O0 -fno-common -g3 -gdwarf-4 -Wall -c -ffunction-sections -fdata-sections -fno-builtin -fmerge-constants -fmacro-prefix-map="../drivers/"= -mcpu=cortex-m33 -mfpu=fpv5-sp-d16 -mfloat-abi=hard -mthumb -D__REDLIB__ -fstack-usage -specs=redlib.specs -MMD -MP -MF"drivers/fsl_gpio.d" -MT"drivers/fsl_gpio.o" -MT"drivers/fsl_gpio.d" -o "drivers/fsl_gpio.o" "../drivers/fsl_gpio.c"
arm-none-eabi-gcc -D__REDLIB__ -DCPU_LPC55S69JBD100 -DCPU_LPC55S69JBD100_cm33 -DCPU_LPC55S69JBD100_cm33_core0 -DSDK_OS_BAREMETAL -DSERIAL_PORT_TYPE_UART=1 -DSDK_DEBUGCONSOLE=0 -DCR_INTEGER_PRINTF -DPRINTF_FLOAT_ENABLE=0 -D__MCUXPRESSO -D__USE_CMSIS -DDEBUG -I"C:\Users\PHANESHWWAR\Documents\MCUXpressoIDE_11.10.0_3148\workspace\LPC55S69_Project_LAB1\board" -I"C:\Users\PHANESHWWAR\Documents\MCUXpressoIDE_11.10.0_3148\workspace\LPC55S69_Project_LAB1\source" -I"C:\Users\PHANESHWWAR\Documents\MCUXpressoIDE_11.10.0_3148\workspace\LPC55S69_Project_LAB1\utilities" -I"C:\Users\PHANESHWWAR\Documents\MCUXpressoIDE_11.10.0_3148\workspace\LPC55S69_Project_LAB1\drivers" -I"C:\Users\PHANESHWWAR\Documents\MCUXpressoIDE_11.10.0_3148\workspace\LPC55S69_Project_LAB1\component\uart" -I"C:\Users\PHANESHWWAR\Documents\MCUXpressoIDE_11.10.0_3148\workspace\LPC55S69_Project_LAB1\component\serial_manager" -I"C:\Users\PHANESHWWAR\Documents\MCUXpressoIDE_11.10.0_3148\workspace\LPC55S69_Project_LAB1\device" -I"C:\Users\PHANESHWWAR\Documents\MCUXpressoIDE_11.10.0_3148\workspace\LPC55S69_Project_LAB1\CMSIS" -I"C:\Users\PHANESHWWAR\Documents\MCUXpressoIDE_11.10.0_3148\workspace\LPC55S69_Project_LAB1\component\lists" -I"C:\Users\PHANESHWWAR\Documents\MCUXpressoIDE_11.10.0_3148\workspace\LPC55S69_Project_LAB1\startup" -O0 -fno-common -g3 -gdwarf-4 -Wall -c -ffunction-sections -fdata-sections -fno-builtin -fmerge-constants -fmacro-prefix-map="../drivers/"= -mcpu=cortex-m33 -mfpu=fpv5-sp-d16 -mfloat-abi=hard -mthumb -D__REDLIB__ -fstack-usage -specs=redlib.specs -MMD -MP -MF"drivers/fsl_i2c.d" -MT"drivers/fsl_i2c.o" -MT"drivers/fsl_i2c.d" -o "drivers/fsl_i2c.o" "../drivers/fsl_i2c.c"
Finished building: ../utilities/fsl_assert.c
Finished building: ../utilities/fsl_debug_console.c
 
 
Building file: ../drivers/fsl_power.c
Building file: ../drivers/fsl_reset.c
Invoking: MCU C Compiler
Invoking: MCU C Compiler
arm-none-eabi-gcc -D__REDLIB__ -DCPU_LPC55S69JBD100 -DCPU_LPC55S69JBD100_cm33 -DCPU_LPC55S69JBD100_cm33_core0 -DSDK_OS_BAREMETAL -DSERIAL_PORT_TYPE_UART=1 -DSDK_DEBUGCONSOLE=0 -DCR_INTEGER_PRINTF -DPRINTF_FLOAT_ENABLE=0 -D__MCUXPRESSO -D__USE_CMSIS -DDEBUG -I"C:\Users\PHANESHWWAR\Documents\MCUXpressoIDE_11.10.0_3148\workspace\LPC55S69_Project_LAB1\board" -I"C:\Users\PHANESHWWAR\Documents\MCUXpressoIDE_11.10.0_3148\workspace\LPC55S69_Project_LAB1\source" -I"C:\Users\PHANESHWWAR\Documents\MCUXpressoIDE_11.10.0_3148\workspace\LPC55S69_Project_LAB1\utilities" -I"C:\Users\PHANESHWWAR\Documents\MCUXpressoIDE_11.10.0_3148\workspace\LPC55S69_Project_LAB1\drivers" -I"C:\Users\PHANESHWWAR\Documents\MCUXpressoIDE_11.10.0_3148\workspace\LPC55S69_Project_LAB1\component\uart" -I"C:\Users\PHANESHWWAR\Documents\MCUXpressoIDE_11.10.0_3148\workspace\LPC55S69_Project_LAB1\component\serial_manager" -I"C:\Users\PHANESHWWAR\Documents\MCUXpressoIDE_11.10.0_3148\workspace\LPC55S69_Project_LAB1\device" -I"C:\Users\PHANESHWWAR\Documents\MCUXpressoIDE_11.10.0_3148\workspace\LPC55S69_Project_LAB1\CMSIS" -I"C:\Users\PHANESHWWAR\Documents\MCUXpressoIDE_11.10.0_3148\workspace\LPC55S69_Project_LAB1\component\lists" -I"C:\Users\PHANESHWWAR\Documents\MCUXpressoIDE_11.10.0_3148\workspace\LPC55S69_Project_LAB1\startup" -O0 -fno-common -g3 -gdwarf-4 -Wall -c -ffunction-sections -fdata-sections -fno-builtin -fmerge-constants -fmacro-prefix-map="../drivers/"= -mcpu=cortex-m33 -mfpu=fpv5-sp-d16 -mfloat-abi=hard -mthumb -D__REDLIB__ -fstack-usage -specs=redlib.specs -MMD -MP -MF"drivers/fsl_reset.d" -MT"drivers/fsl_reset.o" -MT"drivers/fsl_reset.d" -o "drivers/fsl_reset.o" "../drivers/fsl_reset.c"
arm-none-eabi-gcc -D__REDLIB__ -DCPU_LPC55S69JBD100 -DCPU_LPC55S69JBD100_cm33 -DCPU_LPC55S69JBD100_cm33_core0 -DSDK_OS_BAREMETAL -DSERIAL_PORT_TYPE_UART=1 -DSDK_DEBUGCONSOLE=0 -DCR_INTEGER_PRINTF -DPRINTF_FLOAT_ENABLE=0 -D__MCUXPRESSO -D__USE_CMSIS -DDEBUG -I"C:\Users\PHANESHWWAR\Documents\MCUXpressoIDE_11.10.0_3148\workspace\LPC55S69_Project_LAB1\board" -I"C:\Users\PHANESHWWAR\Documents\MCUXpressoIDE_11.10.0_3148\workspace\LPC55S69_Project_LAB1\source" -I"C:\Users\PHANESHWWAR\Documents\MCUXpressoIDE_11.10.0_3148\workspace\LPC55S69_Project_LAB1\utilities" -I"C:\Users\PHANESHWWAR\Documents\MCUXpressoIDE_11.10.0_3148\workspace\LPC55S69_Project_LAB1\drivers" -I"C:\Users\PHANESHWWAR\Documents\MCUXpressoIDE_11.10.0_3148\workspace\LPC55S69_Project_LAB1\component\uart" -I"C:\Users\PHANESHWWAR\Documents\MCUXpressoIDE_11.10.0_3148\workspace\LPC55S69_Project_LAB1\component\serial_manager" -I"C:\Users\PHANESHWWAR\Documents\MCUXpressoIDE_11.10.0_3148\workspace\LPC55S69_Project_LAB1\device" -I"C:\Users\PHANESHWWAR\Documents\MCUXpressoIDE_11.10.0_3148\workspace\LPC55S69_Project_LAB1\CMSIS" -I"C:\Users\PHANESHWWAR\Documents\MCUXpressoIDE_11.10.0_3148\workspace\LPC55S69_Project_LAB1\component\lists" -I"C:\Users\PHANESHWWAR\Documents\MCUXpressoIDE_11.10.0_3148\workspace\LPC55S69_Project_LAB1\startup" -O0 -fno-common -g3 -gdwarf-4 -Wall -c -ffunction-sections -fdata-sections -fno-builtin -fmerge-constants -fmacro-prefix-map="../drivers/"= -mcpu=cortex-m33 -mfpu=fpv5-sp-d16 -mfloat-abi=hard -mthumb -D__REDLIB__ -fstack-usage -specs=redlib.specs -MMD -MP -MF"drivers/fsl_power.d" -MT"drivers/fsl_power.o" -MT"drivers/fsl_power.d" -o "drivers/fsl_power.o" "../drivers/fsl_power.c"
Finished building: ../drivers/fsl_clock.c
 
Building file: ../drivers/fsl_usart.c
Invoking: MCU C Compiler
arm-none-eabi-gcc -D__REDLIB__ -DCPU_LPC55S69JBD100 -DCPU_LPC55S69JBD100_cm33 -DCPU_LPC55S69JBD100_cm33_core0 -DSDK_OS_BAREMETAL -DSERIAL_PORT_TYPE_UART=1 -DSDK_DEBUGCONSOLE=0 -DCR_INTEGER_PRINTF -DPRINTF_FLOAT_ENABLE=0 -D__MCUXPRESSO -D__USE_CMSIS -DDEBUG -I"C:\Users\PHANESHWWAR\Documents\MCUXpressoIDE_11.10.0_3148\workspace\LPC55S69_Project_LAB1\board" -I"C:\Users\PHANESHWWAR\Documents\MCUXpressoIDE_11.10.0_3148\workspace\LPC55S69_Project_LAB1\source" -I"C:\Users\PHANESHWWAR\Documents\MCUXpressoIDE_11.10.0_3148\workspace\LPC55S69_Project_LAB1\utilities" -I"C:\Users\PHANESHWWAR\Documents\MCUXpressoIDE_11.10.0_3148\workspace\LPC55S69_Project_LAB1\drivers" -I"C:\Users\PHANESHWWAR\Documents\MCUXpressoIDE_11.10.0_3148\workspace\LPC55S69_Project_LAB1\component\uart" -I"C:\Users\PHANESHWWAR\Documents\MCUXpressoIDE_11.10.0_3148\workspace\LPC55S69_Project_LAB1\component\serial_manager" -I"C:\Users\PHANESHWWAR\Documents\MCUXpressoIDE_11.10.0_3148\workspace\LPC55S69_Project_LAB1\device" -I"C:\Users\PHANESHWWAR\Documents\MCUXpressoIDE_11.10.0_3148\workspace\LPC55S69_Project_LAB1\CMSIS" -I"C:\Users\PHANESHWWAR\Documents\MCUXpressoIDE_11.10.0_3148\workspace\LPC55S69_Project_LAB1\component\lists" -I"C:\Users\PHANESHWWAR\Documents\MCUXpressoIDE_11.10.0_3148\workspace\LPC55S69_Project_LAB1\startup" -O0 -fno-common -g3 -gdwarf-4 -Wall -c -ffunction-sections -fdata-sections -fno-builtin -fmerge-constants -fmacro-prefix-map="../drivers/"= -mcpu=cortex-m33 -mfpu=fpv5-sp-d16 -mfloat-abi=hard -mthumb -D__REDLIB__ -fstack-usage -specs=redlib.specs -MMD -MP -MF"drivers/fsl_usart.d" -MT"drivers/fsl_usart.o" -MT"drivers/fsl_usart.d" -o "drivers/fsl_usart.o" "../drivers/fsl_usart.c"
Finished building: ../drivers/fsl_common_arm.c
Finished building: ../drivers/fsl_common.c
 
 
Building file: ../device/system_LPC55S69_cm33_core0.c
Building file: ../component/uart/fsl_adapter_usart.c
Invoking: MCU C Compiler
Finished building: ../drivers/fsl_flexcomm.c
arm-none-eabi-gcc -D__REDLIB__ -DCPU_LPC55S69JBD100 -DCPU_LPC55S69JBD100_cm33 -DCPU_LPC55S69JBD100_cm33_core0 -DSDK_OS_BAREMETAL -DSERIAL_PORT_TYPE_UART=1 -DSDK_DEBUGCONSOLE=0 -DCR_INTEGER_PRINTF -DPRINTF_FLOAT_ENABLE=0 -D__MCUXPRESSO -D__USE_CMSIS -DDEBUG -I"C:\Users\PHANESHWWAR\Documents\MCUXpressoIDE_11.10.0_3148\workspace\LPC55S69_Project_LAB1\board" -I"C:\Users\PHANESHWWAR\Documents\MCUXpressoIDE_11.10.0_3148\workspace\LPC55S69_Project_LAB1\source" -I"C:\Users\PHANESHWWAR\Documents\MCUXpressoIDE_11.10.0_3148\workspace\LPC55S69_Project_LAB1\utilities" -I"C:\Users\PHANESHWWAR\Documents\MCUXpressoIDE_11.10.0_3148\workspace\LPC55S69_Project_LAB1\drivers" -I"C:\Users\PHANESHWWAR\Documents\MCUXpressoIDE_11.10.0_3148\workspace\LPC55S69_Project_LAB1\component\uart" -I"C:\Users\PHANESHWWAR\Documents\MCUXpressoIDE_11.10.0_3148\workspace\LPC55S69_Project_LAB1\component\serial_manager" -I"C:\Users\PHANESHWWAR\Documents\MCUXpressoIDE_11.10.0_3148\workspace\LPC55S69_Project_LAB1\device" -I"C:\Users\PHANESHWWAR\Documents\MCUXpressoIDE_11.10.0_3148\workspace\LPC55S69_Project_LAB1\CMSIS" -I"C:\Users\PHANESHWWAR\Documents\MCUXpressoIDE_11.10.0_3148\workspace\LPC55S69_Project_LAB1\component\lists" -I"C:\Users\PHANESHWWAR\Documents\MCUXpressoIDE_11.10.0_3148\workspace\LPC55S69_Project_LAB1\startup" -O0 -fno-common -g3 -gdwarf-4 -Wall -c -ffunction-sections -fdata-sections -fno-builtin -fmerge-constants -fmacro-prefix-map="../device/"= -mcpu=cortex-m33 -mfpu=fpv5-sp-d16 -mfloat-abi=hard -mthumb -D__REDLIB__ -fstack-usage -specs=redlib.specs -MMD -MP -MF"device/system_LPC55S69_cm33_core0.d" -MT"device/system_LPC55S69_cm33_core0.o" -MT"device/system_LPC55S69_cm33_core0.d" -o "device/system_LPC55S69_cm33_core0.o" "../device/system_LPC55S69_cm33_core0.c"
Invoking: MCU C Compiler
Finished building: ../drivers/fsl_gpio.c
 
arm-none-eabi-gcc -D__REDLIB__ -DCPU_LPC55S69JBD100 -DCPU_LPC55S69JBD100_cm33 -DCPU_LPC55S69JBD100_cm33_core0 -DSDK_OS_BAREMETAL -DSERIAL_PORT_TYPE_UART=1 -DSDK_DEBUGCONSOLE=0 -DCR_INTEGER_PRINTF -DPRINTF_FLOAT_ENABLE=0 -D__MCUXPRESSO -D__USE_CMSIS -DDEBUG -I"C:\Users\PHANESHWWAR\Documents\MCUXpressoIDE_11.10.0_3148\workspace\LPC55S69_Project_LAB1\board" -I"C:\Users\PHANESHWWAR\Documents\MCUXpressoIDE_11.10.0_3148\workspace\LPC55S69_Project_LAB1\source" -I"C:\Users\PHANESHWWAR\Documents\MCUXpressoIDE_11.10.0_3148\workspace\LPC55S69_Project_LAB1\utilities" -I"C:\Users\PHANESHWWAR\Documents\MCUXpressoIDE_11.10.0_3148\workspace\LPC55S69_Project_LAB1\drivers" -I"C:\Users\PHANESHWWAR\Documents\MCUXpressoIDE_11.10.0_3148\workspace\LPC55S69_Project_LAB1\component\uart" -I"C:\Users\PHANESHWWAR\Documents\MCUXpressoIDE_11.10.0_3148\workspace\LPC55S69_Project_LAB1\component\serial_manager" -I"C:\Users\PHANESHWWAR\Documents\MCUXpressoIDE_11.10.0_3148\workspace\LPC55S69_Project_LAB1\device" -I"C:\Users\PHANESHWWAR\Documents\MCUXpressoIDE_11.10.0_3148\workspace\LPC55S69_Project_LAB1\CMSIS" -I"C:\Users\PHANESHWWAR\Documents\MCUXpressoIDE_11.10.0_3148\workspace\LPC55S69_Project_LAB1\component\lists" -I"C:\Users\PHANESHWWAR\Documents\MCUXpressoIDE_11.10.0_3148\workspace\LPC55S69_Project_LAB1\startup" -O0 -fno-common -g3 -gdwarf-4 -Wall -c -ffunction-sections -fdata-sections -fno-builtin -fmerge-constants -fmacro-prefix-map="../component/uart/"= -mcpu=cortex-m33 -mfpu=fpv5-sp-d16 -mfloat-abi=hard -mthumb -D__REDLIB__ -fstack-usage -specs=redlib.specs -MMD -MP -MF"component/uart/fsl_adapter_usart.d" -MT"component/uart/fsl_adapter_usart.o" -MT"component/uart/fsl_adapter_usart.d" -o "component/uart/fsl_adapter_usart.o" "../component/uart/fsl_adapter_usart.c"
 
Building file: ../component/serial_manager/fsl_component_serial_manager.c
Building file: ../component/serial_manager/fsl_component_serial_port_uart.c
Invoking: MCU C Compiler
arm-none-eabi-gcc -D__REDLIB__ -DCPU_LPC55S69JBD100 -DCPU_LPC55S69JBD100_cm33 -DCPU_LPC55S69JBD100_cm33_core0 -DSDK_OS_BAREMETAL -DSERIAL_PORT_TYPE_UART=1 -DSDK_DEBUGCONSOLE=0 -DCR_INTEGER_PRINTF -DPRINTF_FLOAT_ENABLE=0 -D__MCUXPRESSO -D__USE_CMSIS -DDEBUG -I"C:\Users\PHANESHWWAR\Documents\MCUXpressoIDE_11.10.0_3148\workspace\LPC55S69_Project_LAB1\board" -I"C:\Users\PHANESHWWAR\Documents\MCUXpressoIDE_11.10.0_3148\workspace\LPC55S69_Project_LAB1\source" -I"C:\Users\PHANESHWWAR\Documents\MCUXpressoIDE_11.10.0_3148\workspace\LPC55S69_Project_LAB1\utilities" -I"C:\Users\PHANESHWWAR\Documents\MCUXpressoIDE_11.10.0_3148\workspace\LPC55S69_Project_LAB1\drivers" -I"C:\Users\PHANESHWWAR\Documents\MCUXpressoIDE_11.10.0_3148\workspace\LPC55S69_Project_LAB1\component\uart" -I"C:\Users\PHANESHWWAR\Documents\MCUXpressoIDE_11.10.0_3148\workspace\LPC55S69_Project_LAB1\component\serial_manager" -I"C:\Users\PHANESHWWAR\Documents\MCUXpressoIDE_11.10.0_3148\workspace\LPC55S69_Project_LAB1\device" -I"C:\Users\PHANESHWWAR\Documents\MCUXpressoIDE_11.10.0_3148\workspace\LPC55S69_Project_LAB1\CMSIS" -I"C:\Users\PHANESHWWAR\Documents\MCUXpressoIDE_11.10.0_3148\workspace\LPC55S69_Project_LAB1\component\lists" -I"C:\Users\PHANESHWWAR\Documents\MCUXpressoIDE_11.10.0_3148\workspace\LPC55S69_Project_LAB1\startup" -O0 -fno-common -g3 -gdwarf-4 -Wall -c -ffunction-sections -fdata-sections -fno-builtin -fmerge-constants -fmacro-prefix-map="../component/serial_manager/"= -mcpu=cortex-m33 -mfpu=fpv5-sp-d16 -mfloat-abi=hard -mthumb -D__REDLIB__ -fstack-usage -specs=redlib.specs -MMD -MP -MF"component/serial_manager/fsl_component_serial_manager.d" -MT"component/serial_manager/fsl_component_serial_manager.o" -MT"component/serial_manager/fsl_component_serial_manager.d" -o "component/serial_manager/fsl_component_serial_manager.o" "../component/serial_manager/fsl_component_serial_manager.c"
Finished building: ../drivers/fsl_reset.c
Invoking: MCU C Compiler
arm-none-eabi-gcc -D__REDLIB__ -DCPU_LPC55S69JBD100 -DCPU_LPC55S69JBD100_cm33 -DCPU_LPC55S69JBD100_cm33_core0 -DSDK_OS_BAREMETAL -DSERIAL_PORT_TYPE_UART=1 -DSDK_DEBUGCONSOLE=0 -DCR_INTEGER_PRINTF -DPRINTF_FLOAT_ENABLE=0 -D__MCUXPRESSO -D__USE_CMSIS -DDEBUG -I"C:\Users\PHANESHWWAR\Documents\MCUXpressoIDE_11.10.0_3148\workspace\LPC55S69_Project_LAB1\board" -I"C:\Users\PHANESHWWAR\Documents\MCUXpressoIDE_11.10.0_3148\workspace\LPC55S69_Project_LAB1\source" -I"C:\Users\PHANESHWWAR\Documents\MCUXpressoIDE_11.10.0_3148\workspace\LPC55S69_Project_LAB1\utilities" -I"C:\Users\PHANESHWWAR\Documents\MCUXpressoIDE_11.10.0_3148\workspace\LPC55S69_Project_LAB1\drivers" -I"C:\Users\PHANESHWWAR\Documents\MCUXpressoIDE_11.10.0_3148\workspace\LPC55S69_Project_LAB1\component\uart" -I"C:\Users\PHANESHWWAR\Documents\MCUXpressoIDE_11.10.0_3148\workspace\LPC55S69_Project_LAB1\component\serial_manager" -I"C:\Users\PHANESHWWAR\Documents\MCUXpressoIDE_11.10.0_3148\workspace\LPC55S69_Project_LAB1\device" -I"C:\Users\PHANESHWWAR\Documents\MCUXpressoIDE_11.10.0_3148\workspace\LPC55S69_Project_LAB1\CMSIS" -I"C:\Users\PHANESHWWAR\Documents\MCUXpressoIDE_11.10.0_3148\workspace\LPC55S69_Project_LAB1\component\lists" -I"C:\Users\PHANESHWWAR\Documents\MCUXpressoIDE_11.10.0_3148\workspace\LPC55S69_Project_LAB1\startup" -O0 -fno-common -g3 -gdwarf-4 -Wall -c -ffunction-sections -fdata-sections -fno-builtin -fmerge-constants -fmacro-prefix-map="../component/serial_manager/"= -mcpu=cortex-m33 -mfpu=fpv5-sp-d16 -mfloat-abi=hard -mthumb -D__REDLIB__ -fstack-usage -specs=redlib.specs -MMD -MP -MF"component/serial_manager/fsl_component_serial_port_uart.d" -MT"component/serial_manager/fsl_component_serial_port_uart.o" -MT"component/serial_manager/fsl_component_serial_port_uart.d" -o "component/serial_manager/fsl_component_serial_port_uart.o" "../component/serial_manager/fsl_component_serial_port_uart.c"
 
Finished building: ../drivers/fsl_i2c.c
Building file: ../component/lists/fsl_component_generic_list.c
 
Invoking: MCU C Compiler
arm-none-eabi-gcc -D__REDLIB__ -DCPU_LPC55S69JBD100 -DCPU_LPC55S69JBD100_cm33 -DCPU_LPC55S69JBD100_cm33_core0 -DSDK_OS_BAREMETAL -DSERIAL_PORT_TYPE_UART=1 -DSDK_DEBUGCONSOLE=0 -DCR_INTEGER_PRINTF -DPRINTF_FLOAT_ENABLE=0 -D__MCUXPRESSO -D__USE_CMSIS -DDEBUG -I"C:\Users\PHANESHWWAR\Documents\MCUXpressoIDE_11.10.0_3148\workspace\LPC55S69_Project_LAB1\board" -I"C:\Users\PHANESHWWAR\Documents\MCUXpressoIDE_11.10.0_3148\workspace\LPC55S69_Project_LAB1\source" -I"C:\Users\PHANESHWWAR\Documents\MCUXpressoIDE_11.10.0_3148\workspace\LPC55S69_Project_LAB1\utilities" -I"C:\Users\PHANESHWWAR\Documents\MCUXpressoIDE_11.10.0_3148\workspace\LPC55S69_Project_LAB1\drivers" -I"C:\Users\PHANESHWWAR\Documents\MCUXpressoIDE_11.10.0_3148\workspace\LPC55S69_Project_LAB1\component\uart" -I"C:\Users\PHANESHWWAR\Documents\MCUXpressoIDE_11.10.0_3148\workspace\LPC55S69_Project_LAB1\component\serial_manager" -I"C:\Users\PHANESHWWAR\Documents\MCUXpressoIDE_11.10.0_3148\workspace\LPC55S69_Project_LAB1\device" -I"C:\Users\PHANESHWWAR\Documents\MCUXpressoIDE_11.10.0_3148\workspace\LPC55S69_Project_LAB1\CMSIS" -I"C:\Users\PHANESHWWAR\Documents\MCUXpressoIDE_11.10.0_3148\workspace\LPC55S69_Project_LAB1\component\lists" -I"C:\Users\PHANESHWWAR\Documents\MCUXpressoIDE_11.10.0_3148\workspace\LPC55S69_Project_LAB1\startup" -O0 -fno-common -g3 -gdwarf-4 -Wall -c -ffunction-sections -fdata-sections -fno-builtin -fmerge-constants -fmacro-prefix-map="../component/lists/"= -mcpu=cortex-m33 -mfpu=fpv5-sp-d16 -mfloat-abi=hard -mthumb -D__REDLIB__ -fstack-usage -specs=redlib.specs -MMD -MP -MF"component/lists/fsl_component_generic_list.d" -MT"component/lists/fsl_component_generic_list.o" -MT"component/lists/fsl_component_generic_list.d" -o "component/lists/fsl_component_generic_list.o" "../component/lists/fsl_component_generic_list.c"
Finished building: ../drivers/fsl_power.c
Building file: ../board/board.c
 
Invoking: MCU C Compiler
Building file: ../board/clock_config.c
arm-none-eabi-gcc -D__REDLIB__ -DCPU_LPC55S69JBD100 -DCPU_LPC55S69JBD100_cm33 -DCPU_LPC55S69JBD100_cm33_core0 -DSDK_OS_BAREMETAL -DSERIAL_PORT_TYPE_UART=1 -DSDK_DEBUGCONSOLE=0 -DCR_INTEGER_PRINTF -DPRINTF_FLOAT_ENABLE=0 -D__MCUXPRESSO -D__USE_CMSIS -DDEBUG -I"C:\Users\PHANESHWWAR\Documents\MCUXpressoIDE_11.10.0_3148\workspace\LPC55S69_Project_LAB1\board" -I"C:\Users\PHANESHWWAR\Documents\MCUXpressoIDE_11.10.0_3148\workspace\LPC55S69_Project_LAB1\source" -I"C:\Users\PHANESHWWAR\Documents\MCUXpressoIDE_11.10.0_3148\workspace\LPC55S69_Project_LAB1\utilities" -I"C:\Users\PHANESHWWAR\Documents\MCUXpressoIDE_11.10.0_3148\workspace\LPC55S69_Project_LAB1\drivers" -I"C:\Users\PHANESHWWAR\Documents\MCUXpressoIDE_11.10.0_3148\workspace\LPC55S69_Project_LAB1\component\uart" -I"C:\Users\PHANESHWWAR\Documents\MCUXpressoIDE_11.10.0_3148\workspace\LPC55S69_Project_LAB1\component\serial_manager" -I"C:\Users\PHANESHWWAR\Documents\MCUXpressoIDE_11.10.0_3148\workspace\LPC55S69_Project_LAB1\device" -I"C:\Users\PHANESHWWAR\Documents\MCUXpressoIDE_11.10.0_3148\workspace\LPC55S69_Project_LAB1\CMSIS" -I"C:\Users\PHANESHWWAR\Documents\MCUXpressoIDE_11.10.0_3148\workspace\LPC55S69_Project_LAB1\component\lists" -I"C:\Users\PHANESHWWAR\Documents\MCUXpressoIDE_11.10.0_3148\workspace\LPC55S69_Project_LAB1\startup" -O0 -fno-common -g3 -gdwarf-4 -Wall -c -ffunction-sections -fdata-sections -fno-builtin -fmerge-constants -fmacro-prefix-map="../board/"= -mcpu=cortex-m33 -mfpu=fpv5-sp-d16 -mfloat-abi=hard -mthumb -D__REDLIB__ -fstack-usage -specs=redlib.specs -MMD -MP -MF"board/board.d" -MT"board/board.o" -MT"board/board.d" -o "board/board.o" "../board/board.c"
Invoking: MCU C Compiler
arm-none-eabi-gcc -D__REDLIB__ -DCPU_LPC55S69JBD100 -DCPU_LPC55S69JBD100_cm33 -DCPU_LPC55S69JBD100_cm33_core0 -DSDK_OS_BAREMETAL -DSERIAL_PORT_TYPE_UART=1 -DSDK_DEBUGCONSOLE=0 -DCR_INTEGER_PRINTF -DPRINTF_FLOAT_ENABLE=0 -D__MCUXPRESSO -D__USE_CMSIS -DDEBUG -I"C:\Users\PHANESHWWAR\Documents\MCUXpressoIDE_11.10.0_3148\workspace\LPC55S69_Project_LAB1\board" -I"C:\Users\PHANESHWWAR\Documents\MCUXpressoIDE_11.10.0_3148\workspace\LPC55S69_Project_LAB1\source" -I"C:\Users\PHANESHWWAR\Documents\MCUXpressoIDE_11.10.0_3148\workspace\LPC55S69_Project_LAB1\utilities" -I"C:\Users\PHANESHWWAR\Documents\MCUXpressoIDE_11.10.0_3148\workspace\LPC55S69_Project_LAB1\drivers" -I"C:\Users\PHANESHWWAR\Documents\MCUXpressoIDE_11.10.0_3148\workspace\LPC55S69_Project_LAB1\component\uart" -I"C:\Users\PHANESHWWAR\Documents\MCUXpressoIDE_11.10.0_3148\workspace\LPC55S69_Project_LAB1\component\serial_manager" -I"C:\Users\PHANESHWWAR\Documents\MCUXpressoIDE_11.10.0_3148\workspace\LPC55S69_Project_LAB1\device" -I"C:\Users\PHANESHWWAR\Documents\MCUXpressoIDE_11.10.0_3148\workspace\LPC55S69_Project_LAB1\CMSIS" -I"C:\Users\PHANESHWWAR\Documents\MCUXpressoIDE_11.10.0_3148\workspace\LPC55S69_Project_LAB1\component\lists" -I"C:\Users\PHANESHWWAR\Documents\MCUXpressoIDE_11.10.0_3148\workspace\LPC55S69_Project_LAB1\startup" -O0 -fno-common -g3 -gdwarf-4 -Wall -c -ffunction-sections -fdata-sections -fno-builtin -fmerge-constants -fmacro-prefix-map="../board/"= -mcpu=cortex-m33 -mfpu=fpv5-sp-d16 -mfloat-abi=hard -mthumb -D__REDLIB__ -fstack-usage -specs=redlib.specs -MMD -MP -MF"board/clock_config.d" -MT"board/clock_config.o" -MT"board/clock_config.d" -o "board/clock_config.o" "../board/clock_config.c"
Finished building: ../drivers/fsl_usart.c
Finished building: ../device/system_LPC55S69_cm33_core0.c
 
 
Finished building: ../component/uart/fsl_adapter_usart.c
Building file: ../board/pin_mux.c
Building file: ../board/peripherals.c
 
Invoking: MCU C Compiler
arm-none-eabi-gcc -D__REDLIB__ -DCPU_LPC55S69JBD100 -DCPU_LPC55S69JBD100_cm33 -DCPU_LPC55S69JBD100_cm33_core0 -DSDK_OS_BAREMETAL -DSERIAL_PORT_TYPE_UART=1 -DSDK_DEBUGCONSOLE=0 -DCR_INTEGER_PRINTF -DPRINTF_FLOAT_ENABLE=0 -D__MCUXPRESSO -D__USE_CMSIS -DDEBUG -I"C:\Users\PHANESHWWAR\Documents\MCUXpressoIDE_11.10.0_3148\workspace\LPC55S69_Project_LAB1\board" -I"C:\Users\PHANESHWWAR\Documents\MCUXpressoIDE_11.10.0_3148\workspace\LPC55S69_Project_LAB1\source" -I"C:\Users\PHANESHWWAR\Documents\MCUXpressoIDE_11.10.0_3148\workspace\LPC55S69_Project_LAB1\utilities" -I"C:\Users\PHANESHWWAR\Documents\MCUXpressoIDE_11.10.0_3148\workspace\LPC55S69_Project_LAB1\drivers" -I"C:\Users\PHANESHWWAR\Documents\MCUXpressoIDE_11.10.0_3148\workspace\LPC55S69_Project_LAB1\component\uart" -I"C:\Users\PHANESHWWAR\Documents\MCUXpressoIDE_11.10.0_3148\workspace\LPC55S69_Project_LAB1\component\serial_manager" -I"C:\Users\PHANESHWWAR\Documents\MCUXpressoIDE_11.10.0_3148\workspace\LPC55S69_Project_LAB1\device" -I"C:\Users\PHANESHWWAR\Documents\MCUXpressoIDE_11.10.0_3148\workspace\LPC55S69_Project_LAB1\CMSIS" -I"C:\Users\PHANESHWWAR\Documents\MCUXpressoIDE_11.10.0_3148\workspace\LPC55S69_Project_LAB1\component\lists" -I"C:\Users\PHANESHWWAR\Documents\MCUXpressoIDE_11.10.0_3148\workspace\LPC55S69_Project_LAB1\startup" -O0 -fno-common -g3 -gdwarf-4 -Wall -c -ffunction-sections -fdata-sections -fno-builtin -fmerge-constants -fmacro-prefix-map="../board/"= -mcpu=cortex-m33 -mfpu=fpv5-sp-d16 -mfloat-abi=hard -mthumb -D__REDLIB__ -fstack-usage -specs=redlib.specs -MMD -MP -MF"board/peripherals.d" -MT"board/peripherals.o" -MT"board/peripherals.d" -o "board/peripherals.o" "../board/peripherals.c"
Invoking: MCU C Compiler
arm-none-eabi-gcc -D__REDLIB__ -DCPU_LPC55S69JBD100 -DCPU_LPC55S69JBD100_cm33 -DCPU_LPC55S69JBD100_cm33_core0 -DSDK_OS_BAREMETAL -DSERIAL_PORT_TYPE_UART=1 -DSDK_DEBUGCONSOLE=0 -DCR_INTEGER_PRINTF -DPRINTF_FLOAT_ENABLE=0 -D__MCUXPRESSO -D__USE_CMSIS -DDEBUG -I"C:\Users\PHANESHWWAR\Documents\MCUXpressoIDE_11.10.0_3148\workspace\LPC55S69_Project_LAB1\board" -I"C:\Users\PHANESHWWAR\Documents\MCUXpressoIDE_11.10.0_3148\workspace\LPC55S69_Project_LAB1\source" -I"C:\Users\PHANESHWWAR\Documents\MCUXpressoIDE_11.10.0_3148\workspace\LPC55S69_Project_LAB1\utilities" -I"C:\Users\PHANESHWWAR\Documents\MCUXpressoIDE_11.10.0_3148\workspace\LPC55S69_Project_LAB1\drivers" -I"C:\Users\PHANESHWWAR\Documents\MCUXpressoIDE_11.10.0_3148\workspace\LPC55S69_Project_LAB1\component\uart" -I"C:\Users\PHANESHWWAR\Documents\MCUXpressoIDE_11.10.0_3148\workspace\LPC55S69_Project_LAB1\component\serial_manager" -I"C:\Users\PHANESHWWAR\Documents\MCUXpressoIDE_11.10.0_3148\workspace\LPC55S69_Project_LAB1\device" -I"C:\Users\PHANESHWWAR\Documents\MCUXpressoIDE_11.10.0_3148\workspace\LPC55S69_Project_LAB1\CMSIS" -I"C:\Users\PHANESHWWAR\Documents\MCUXpressoIDE_11.10.0_3148\workspace\LPC55S69_Project_LAB1\component\lists" -I"C:\Users\PHANESHWWAR\Documents\MCUXpressoIDE_11.10.0_3148\workspace\LPC55S69_Project_LAB1\startup" -O0 -fno-common -g3 -gdwarf-4 -Wall -c -ffunction-sections -fdata-sections -fno-builtin -fmerge-constants -fmacro-prefix-map="../board/"= -mcpu=cortex-m33 -mfpu=fpv5-sp-d16 -mfloat-abi=hard -mthumb -D__REDLIB__ -fstack-usage -specs=redlib.specs -MMD -MP -MF"board/pin_mux.d" -MT"board/pin_mux.o" -MT"board/pin_mux.d" -o "board/pin_mux.o" "../board/pin_mux.c"
Finished building: ../component/serial_manager/fsl_component_serial_manager.c
Finished building: ../component/serial_manager/fsl_component_serial_port_uart.c
 
 
Finished building: ../component/lists/fsl_component_generic_list.c
 
Finished building: ../board/board.c
 
Finished building: ../board/clock_config.c
 
Finished building: ../board/peripherals.c
 
Finished building: ../board/pin_mux.c
 
Building target: LPC55S69_Project_LAB1.axf
Invoking: MCU Linker
arm-none-eabi-gcc -nostdlib -Xlinker -Map="LPC55S69_Project_LAB1.map" -Xlinker --gc-sections -Xlinker -print-memory-usage -Xlinker --sort-section=alignment -Xlinker --cref -mcpu=cortex-m33 -mfpu=fpv5-sp-d16 -mfloat-abi=hard -mthumb -T LPC55S69_Project_LAB1_Debug.ld -o "LPC55S69_Project_LAB1.axf" ./utilities/fsl_assert.o ./utilities/fsl_debug_console.o ./utilities/fsl_str.o  ./startup/boot_multicore_slave.o ./startup/startup_lpc55s69_cm33_core0.o  ./source/LPC55S69_Project_LAB1.o ./source/semihost_hardfault.o  ./drivers/fsl_clock.o ./drivers/fsl_common.o ./drivers/fsl_common_arm.o ./drivers/fsl_flexcomm.o ./drivers/fsl_gpio.o ./drivers/fsl_i2c.o ./drivers/fsl_power.o ./drivers/fsl_reset.o ./drivers/fsl_usart.o  ./device/system_LPC55S69_cm33_core0.o  ./component/uart/fsl_adapter_usart.o  ./component/serial_manager/fsl_component_serial_manager.o ./component/serial_manager/fsl_component_serial_port_uart.o  ./component/lists/fsl_component_generic_list.o  ./board/board.o ./board/clock_config.o ./board/peripherals.o ./board/pin_mux.o   
Memory region         Used Size  Region Size  %age Used
   PROGRAM_FLASH:       12020 B       630 KB      1.86%
            SRAM:        8472 B       256 KB      3.23%
           SRAMX:          0 GB        32 KB      0.00%
         USB_RAM:          0 GB        16 KB      0.00%
           SRAM4:          0 GB        16 KB      0.00%
Finished building target: LPC55S69_Project_LAB1.axf
 
Performing post-build steps
arm-none-eabi-size "LPC55S69_Project_LAB1.axf"; # arm-none-eabi-objcopy -v -O binary "LPC55S69_Project_LAB1.axf" "LPC55S69_Project_LAB1.bin" ; # checksum -p LPC55S69 -d "LPC55S69_Project_LAB1.bin";
   text	   data	    bss	    dec	    hex	filename
  12012	      8	   8464	  20484	   5004	LPC55S69_Project_LAB1.axf
 

19:49:16 Build Finished. 0 errors, 0 warnings. (took 7s.131ms)

