19:46:48 **** Incremental Build of configuration Debug for project LPC55S69_Project_test ****
make -r -j8 all 
make[1]: Nothing to be done for 'main-build'.
Performing post-build steps
arm-none-eabi-size "LPC55S69_Project_test.axf"; # arm-none-eabi-objcopy -v -O binary "LPC55S69_Project_test.axf" "LPC55S69_Project_test.bin" ; # checksum -p LPC55S69 -d "LPC55S69_Project_test.bin";
   text	   data	    bss	    dec	    hex	filename
  14340	      8	   8504	  22852	   5944	LPC55S69_Project_test.axf
 

19:46:49 Build Finished. 0 errors, 0 warnings. (took 368ms)

